  MAXORD=          26
 Performs Stieltjes at order           5
 Performs Stieltjes at order           6
 Performs Stieltjes at order           7
 Performs Stieltjes at order           8
 Performs Stieltjes at order           9
 Performs Stieltjes at order          10
 Performs Stieltjes at order          11
 Performs Stieltjes at order          12
 Performs Stieltjes at order          13
 Performs Stieltjes at order          14
 Performs Stieltjes at order          15
 Performs Stieltjes at order          16
 Performs Stieltjes at order          17
 Performs Stieltjes at order          18
 Performs Stieltjes at order          19
 Performs Stieltjes at order          20
 Performs Stieltjes at order          21
 Performs Stieltjes at order          22
 Performs Stieltjes at order          23
 Performs Stieltjes at order          24
 Performs Stieltjes at order          25
 Performs Stieltjes at order          26
 Interp at order          11
 11         0.180432642147832 in meV
 Interp at order          12
 12         0.166158206377786 in meV
 Interp at order          13
 13         0.211469433706765 in meV
 Interp at order          14
 14         0.195971165856467 in meV
 Interp at order          15
 15         0.184953461264911 in meV
 Interp at order          16
 16         0.221030961201303 in meV
 Interp at order          17
 17         0.158438046200392 in meV
 Interp at order          18
 18         0.194883295831619 in meV
 Interp at order          19
 19         0.201062637083005 in meV
 Interp at order          20
 20         0.066380458780756 in meV
 Interp at order          21
 21         0.185072473346073 in meV
 Interp at order          22
 22         0.159568551846361 in meV
 Interp at order          23
 23         0.141686428385503 in meV
 Interp at order          24
 24         0.159759236000146 in meV
 Interp at order          25
 25         0.159120163767855 in meV
 Interp at order          26
 26         0.125580037743452 in meV
      0.000006228104       0.000000333875 in au
      0.169466721867       0.009084749892 in meV
TOTAL RATE
      0.000005696667 in au
      0.155006313830 in meV

