Date: 31/01/2020 14:04:51
===============
Quantum Package
===============

Git Commit: 
Git Date  : 
Git SHA1  : 
EZFIO Dir : LiHe.ezfio


Task server running : tcp://134.157.137.177:41279
.. >>>>> [ IO READ: ifcsf ] <<<<< ..
 
.. >>>>> [ RES  MEM :       0.007545 GB ] [ VIRT MEM :       0.091164 GB ] <<<<< ..
.. >>>>> [ WALL TIME:       0.000384  s ] [ CPU  TIME:       0.015985  s ] <<<<< ..
 
* mo_num                                                       247
* N_int                                                          4
.. >>>>> [ IO READ: io_mo_two_e_integrals ] <<<<< ..
 
.. >>>>> [ RES  MEM :       0.015793 GB ] [ VIRT MEM :       1.094234 GB ] <<<<< ..
.. >>>>> [ WALL TIME:       0.325150  s ] [ CPU  TIME:       4.835362  s ] <<<<< ..
 
.. >>>>> [ IO READ: mo_class ] <<<<< ..
 
.. >>>>> [ RES  MEM :       0.015999 GB ] [ VIRT MEM :       1.094234 GB ] <<<<< ..
.. >>>>> [ WALL TIME:       0.325777  s ] [ CPU  TIME:       4.845331  s ] <<<<< ..
 
.. >>>>> [ IO READ: no_vvvv_integrals ] <<<<< ..
 
.. >>>>> [ RES  MEM :       0.015999 GB ] [ VIRT MEM :       1.094234 GB ] <<<<< ..
.. >>>>> [ WALL TIME:       0.325976  s ] [ CPU  TIME:       4.848477  s ] <<<<< ..
 
 MO map initialized:              469052506
 Reading the MO integrals
 MO integrals provided
.. >>>>> [ IO READ: elec_alpha_num ] <<<<< ..
 
.. >>>>> [ RES  MEM :       4.073158 GB ] [ VIRT MEM :       5.387539 GB ] <<<<< ..
.. >>>>> [ WALL TIME:       1.897880  s ] [ CPU  TIME:       9.268302  s ] <<<<< ..
 
.. >>>>> [ IO READ: elec_beta_num ] <<<<< ..
 
.. >>>>> [ RES  MEM :       6.300430 GB ] [ VIRT MEM :       7.388031 GB ] <<<<< ..
.. >>>>> [ WALL TIME:      14.999821  s ] [ CPU  TIME:      72.276670  s ] <<<<< ..
 
.. >>>>> [ IO READ: io_mo_one_e_integrals ] <<<<< ..
 
.. >>>>> [ RES  MEM :       6.300430 GB ] [ VIRT MEM :       7.388031 GB ] <<<<< ..
.. >>>>> [ WALL TIME:      14.999974  s ] [ CPU  TIME:      72.276827  s ] <<<<< ..
 
 Providing the one-electron integrals
.. >>>>> [ IO READ: do_pseudo ] <<<<< ..
 
.. >>>>> [ RES  MEM :       6.300453 GB ] [ VIRT MEM :       7.388031 GB ] <<<<< ..
.. >>>>> [ WALL TIME:      15.000114  s ] [ CPU  TIME:      72.276967  s ] <<<<< ..
 
.. >>>>> [ IO READ: io_mo_integrals_kinetic ] <<<<< ..
 
.. >>>>> [ RES  MEM :       6.300453 GB ] [ VIRT MEM :       7.388031 GB ] <<<<< ..
.. >>>>> [ WALL TIME:      15.000208  s ] [ CPU  TIME:      72.277061  s ] <<<<< ..
 
.. >>>>> [ IO READ: ao_num ] <<<<< ..
 
.. >>>>> [ RES  MEM :       6.300453 GB ] [ VIRT MEM :       7.388031 GB ] <<<<< ..
.. >>>>> [ WALL TIME:      15.000321  s ] [ CPU  TIME:      72.277174  s ] <<<<< ..
 
.. >>>>> [ IO READ: io_ao_integrals_kinetic ] <<<<< ..
 
.. >>>>> [ RES  MEM :       6.300453 GB ] [ VIRT MEM :       7.388031 GB ] <<<<< ..
.. >>>>> [ WALL TIME:      15.000422  s ] [ CPU  TIME:      72.277275  s ] <<<<< ..
 
.. >>>>> [ IO READ: ao_prim_num ] <<<<< ..
 
.. >>>>> [ RES  MEM :       6.300526 GB ] [ VIRT MEM :       7.388031 GB ] <<<<< ..
.. >>>>> [ WALL TIME:      15.001305  s ] [ CPU  TIME:      72.285462  s ] <<<<< ..
 
.. >>>>> [ IO READ: ao_expo ] <<<<< ..
 
.. >>>>> [ RES  MEM :       6.300545 GB ] [ VIRT MEM :       7.388031 GB ] <<<<< ..
.. >>>>> [ WALL TIME:      15.010241  s ] [ CPU  TIME:      72.408199  s ] <<<<< ..
 
.. >>>>> [ IO READ: ao_coef ] <<<<< ..
 
.. >>>>> [ RES  MEM :       6.300545 GB ] [ VIRT MEM :       7.388031 GB ] <<<<< ..
.. >>>>> [ WALL TIME:      15.014653  s ] [ CPU  TIME:      72.469865  s ] <<<<< ..
 
.. >>>>> [ IO READ: ao_power ] <<<<< ..
 
.. >>>>> [ RES  MEM :       6.300549 GB ] [ VIRT MEM :       7.388031 GB ] <<<<< ..
.. >>>>> [ WALL TIME:      15.017544  s ] [ CPU  TIME:      72.511946  s ] <<<<< ..
 
.. >>>>> [ IO READ: ao_nucl ] <<<<< ..
 
.. >>>>> [ RES  MEM :       6.300632 GB ] [ VIRT MEM :       7.388031 GB ] <<<<< ..
.. >>>>> [ WALL TIME:      15.020332  s ] [ CPU  TIME:      72.553349  s ] <<<<< ..
 
.. >>>>> [ IO READ: nucl_num ] <<<<< ..
 
.. >>>>> [ RES  MEM :       6.300632 GB ] [ VIRT MEM :       7.388031 GB ] <<<<< ..
.. >>>>> [ WALL TIME:      15.020892  s ] [ CPU  TIME:      72.561669  s ] <<<<< ..
 
.. >>>>> [ IO READ: nucl_label ] <<<<< ..
 
.. >>>>> [ RES  MEM :       6.300648 GB ] [ VIRT MEM :       7.388031 GB ] <<<<< ..
.. >>>>> [ WALL TIME:      15.021758  s ] [ CPU  TIME:      72.574490  s ] <<<<< ..
 
.. >>>>> [ IO READ: nucl_charge ] <<<<< ..
 
.. >>>>> [ RES  MEM :       6.300655 GB ] [ VIRT MEM :       7.388031 GB ] <<<<< ..
.. >>>>> [ WALL TIME:      15.022527  s ] [ CPU  TIME:      72.585926  s ] <<<<< ..
 
 
.. >>>>> [ RES  MEM :       6.300659 GB ] [ VIRT MEM :       7.388031 GB ] <<<<< ..
.. >>>>> [ WALL TIME:      15.023301  s ] [ CPU  TIME:      72.597465  s ] <<<<< ..
 

Nuclear Coordinates (Angstroms)
===============================

================ ============ ============ ============ ============
      Atom          Charge          X            Y            Z 
================ ============ ============ ============ ============
Li                   3.000000     0.000000     0.000000     0.000000
He                   2.000000     0.000000     0.000000     4.000000
X                    0.000000     0.000000     0.000000     2.000000
================ ============ ============ ============ ============

 Read  mo_coef
.. >>>>> [ IO READ: io_mo_integrals_e_n ] <<<<< ..
 
.. >>>>> [ RES  MEM :       6.363609 GB ] [ VIRT MEM :       7.502155 GB ] <<<<< ..
.. >>>>> [ WALL TIME:      15.172686  s ] [ CPU  TIME:      74.941551  s ] <<<<< ..
 
.. >>>>> [ IO READ: io_ao_integrals_e_n ] <<<<< ..
 
.. >>>>> [ RES  MEM :       6.363609 GB ] [ VIRT MEM :       7.502155 GB ] <<<<< ..
.. >>>>> [ WALL TIME:      15.172952  s ] [ CPU  TIME:      74.945798  s ] <<<<< ..
 
Wall time: 0:00:25

